Object=java.lang.Object;com.evangelsoft.econnect.util.assembler.ObjectAssembler
Class=java.lang.Class;com.evangelsoft.econnect.util.assembler.ClassAssembler

Void=java.lang.Void;com.evangelsoft.econnect.util.assembler.VoidAssembler
Character=java.lang.Character;com.evangelsoft.econnect.util.assembler.CharacterAssembler
Byte=java.lang.Byte;com.evangelsoft.econnect.util.assembler.ByteAssembler
Boolean=java.lang.Boolean;com.evangelsoft.econnect.util.assembler.BooleanAssembler
Short=java.lang.Short;com.evangelsoft.econnect.util.assembler.ShortAssembler
Integer=java.lang.Integer;com.evangelsoft.econnect.util.assembler.IntegerAssembler
Long=java.lang.Long;com.evangelsoft.econnect.util.assembler.LongAssembler
Single=java.lang.Float;com.evangelsoft.econnect.util.assembler.FloatAssembler
Double=java.lang.Double;com.evangelsoft.econnect.util.assembler.DoubleAssembler

void=void;com.evangelsoft.econnect.util.assembler.VoidAssembler
char=char;com.evangelsoft.econnect.util.assembler.CharacterAssembler
byte=byte;com.evangelsoft.econnect.util.assembler.ByteAssembler
boolean=boolean;com.evangelsoft.econnect.util.assembler.BooleanAssembler
short=short;com.evangelsoft.econnect.util.assembler.ShortAssembler
int=int;com.evangelsoft.econnect.util.assembler.IntegerAssembler
long=long;com.evangelsoft.econnect.util.assembler.LongAssembler
single=float;com.evangelsoft.econnect.util.assembler.FloatAssembler
double=double;com.evangelsoft.econnect.util.assembler.DoubleAssembler

String=java.lang.String;com.evangelsoft.econnect.util.assembler.StringAssembler
Decimal=java.math.BigDecimal;com.evangelsoft.econnect.util.assembler.BigDecimalAssembler
DateTime=java.util.Date;com.evangelsoft.econnect.util.assembler.DateAssembler
Date=java.sql.Date;com.evangelsoft.econnect.util.assembler.DateAssembler
Time=java.sql.Time;com.evangelsoft.econnect.util.assembler.DateAssembler
Timestamp=java.sql.Timestamp;com.evangelsoft.econnect.util.assembler.DateAssembler
Map=java.util.HashMap;com.evangelsoft.econnect.util.assembler.HashMapAssembler
List=java.util.ArrayList;com.evangelsoft.econnect.util.assembler.ArrayListAssembler

VariantHolder=com.evangelsoft.econnect.dataformat.VariantHolder;com.evangelsoft.econnect.util.assembler.VariantHolderAssembler

RecordFormat=com.evangelsoft.econnect.dataformat.RecordFormat;com.evangelsoft.econnect.util.assembler.RecordFormatAssembler
Record=com.evangelsoft.econnect.dataformat.Record;com.evangelsoft.econnect.util.assembler.RecordAssembler
RecordSet=com.evangelsoft.econnect.dataformat.RecordSet;com.evangelsoft.econnect.util.assembler.RecordSetAssembler
TransientRecordSet=com.evangelsoft.econnect.dataformat.TransientRecordSet;com.evangelsoft.econnect.util.assembler.TransientRecordSetAssembler
DeltaRecordSet=com.evangelsoft.econnect.dataformat.DeltaRecordSet;com.evangelsoft.econnect.util.assembler.DeltaRecordSetAssembler
ConditionTree=com.evangelsoft.econnect.condutil.ConditionTree;com.evangelsoft.econnect.util.assembler.ConditionTreeAssembler
SortList=com.evangelsoft.econnect.condutil.SortList;com.evangelsoft.econnect.util.assembler.SortListAssembler
