java.lang.Object=Object;com.evangelsoft.econnect.util.assembler.ObjectAssembler
java.lang.Class=Class;com.evangelsoft.econnect.util.assembler.ClassAssembler

java.lang.Void=Void;com.evangelsoft.econnect.util.assembler.VoidAssembler
java.lang.Character=Character;com.evangelsoft.econnect.util.assembler.CharacterAssembler
java.lang.Byte=Byte;com.evangelsoft.econnect.util.assembler.ByteAssembler
java.lang.Boolean=Boolean;com.evangelsoft.econnect.util.assembler.BooleanAssembler
java.lang.Short=Short;com.evangelsoft.econnect.util.assembler.ShortAssembler
java.lang.Integer=Integer;com.evangelsoft.econnect.util.assembler.IntegerAssembler
java.lang.Long=Long;com.evangelsoft.econnect.util.assembler.LongAssembler
java.lang.Float=Single;com.evangelsoft.econnect.util.assembler.FloatAssembler
java.lang.Double=Double;com.evangelsoft.econnect.util.assembler.DoubleAssembler

void=void;com.evangelsoft.econnect.util.assembler.VoidAssembler
char=char;com.evangelsoft.econnect.util.assembler.CharacterAssembler
byte=byte;com.evangelsoft.econnect.util.assembler.ByteAssembler
boolean=boolean;com.evangelsoft.econnect.util.assembler.BooleanAssembler
short=short;com.evangelsoft.econnect.util.assembler.ShortAssembler
int=int;com.evangelsoft.econnect.util.assembler.IntegerAssembler
long=long;com.evangelsoft.econnect.util.assembler.LongAssembler
float=single;com.evangelsoft.econnect.util.assembler.FloatAssembler
double=double;com.evangelsoft.econnect.util.assembler.DoubleAssembler

java.lang.String=String;com.evangelsoft.econnect.util.assembler.StringAssembler
java.math.BigDecimal=Decimal;com.evangelsoft.econnect.util.assembler.BigDecimalAssembler
java.util.Date=DateTime;com.evangelsoft.econnect.util.assembler.DateAssembler
java.sql.Date=Date;com.evangelsoft.econnect.util.assembler.DateAssembler
java.sql.Time=Time;com.evangelsoft.econnect.util.assembler.DateAssembler
java.sql.Timestamp=Timestamp;com.evangelsoft.econnect.util.assembler.DateAssembler
java.util.HashMap=Map;com.evangelsoft.econnect.util.assembler.HashMapAssembler
java.util.ArrayList=List;com.evangelsoft.econnect.util.assembler.ArrayListAssembler

com.evangelsoft.econnect.dataformat.VariantHolder=VariantHolder;com.evangelsoft.econnect.util.assembler.VariantHolderAssembler

com.evangelsoft.econnect.dataformat.RecordFormat=RecordFormat;com.evangelsoft.econnect.util.assembler.RecordFormatAssembler
com.evangelsoft.econnect.dataformat.Record=Record;com.evangelsoft.econnect.util.assembler.RecordAssembler
com.evangelsoft.econnect.dataformat.RecordSet=RecordSet;com.evangelsoft.econnect.util.assembler.RecordSetAssembler
com.evangelsoft.econnect.dataformat.TransientRecordSet=TransientRecordSet;com.evangelsoft.econnect.util.assembler.TransientRecordSetAssembler
com.evangelsoft.econnect.dataformat.DeltaRecordSet=DeltaRecordSet;com.evangelsoft.econnect.util.assembler.DeltaRecordSetAssembler
com.evangelsoft.econnect.condutil.ConditionTree=ConditionTree;com.evangelsoft.econnect.util.assembler.ConditionTreeAssembler
com.evangelsoft.econnect.condutil.SortList=SortList;com.evangelsoft.econnect.util.assembler.SortListAssembler
